\BOOKMARK [1][-]{section.1}{\376\377\000I\000n\000t\000r\000o\000d\000u\000c\000t\000i\000o\000n}{}% 1
\BOOKMARK [1][-]{section.2}{\376\377\000T\000h\000r\000e\000e\000\040\000T\000h\000e\000r\000m\000o\000d\000y\000n\000a\000m\000i\000c\000\040\000R\000o\000u\000t\000e\000s\000\040\000t\000o\000\040\000G\000r\000a\000v\000i\000t\000a\000t\000i\000o\000n}{}% 2
\BOOKMARK [2][-]{subsection.2.1}{\376\377\000L\000o\000c\000a\000l\000\040\000c\000a\000u\000s\000a\000l\000\040\000h\000o\000r\000i\000z\000o\000n\000s\000\040\000a\000n\000d\000\040\000t\000h\000e\000\040\000E\000i\000n\000s\000t\000e\000i\000n\000\040\000e\000q\000u\000a\000t\000i\000o\000n\000s}{section.2}% 3
\BOOKMARK [2][-]{subsection.2.2}{\376\377\000E\000n\000t\000r\000o\000p\000i\000c\000\040\000f\000o\000r\000c\000e\000\040\000a\000n\000d\000\040\000a\000p\000p\000a\000r\000e\000n\000t\000\040\000d\000a\000r\000k\000\040\000m\000a\000t\000t\000e\000r}{section.2}% 4
\BOOKMARK [2][-]{subsection.2.3}{\376\377\000A\000p\000p\000a\000r\000e\000n\000t\000-\000h\000o\000r\000i\000z\000o\000n\000\040\000t\000h\000e\000r\000m\000o\000d\000y\000n\000a\000m\000i\000c\000s\000\040\000a\000n\000d\000\040\000c\000o\000s\000m\000o\000l\000o\000g\000y}{section.2}% 5
\BOOKMARK [1][-]{section.3}{\376\377\000A\000d\000m\000i\000s\000s\000i\000b\000i\000l\000i\000t\000y\000\040\000a\000s\000\040\000a\000n\000\040\000I\000n\000t\000e\000r\000p\000r\000e\000t\000a\000t\000i\000o\000n\000\040\000o\000f\000\040\000G\000r\000a\000v\000i\000t\000a\000t\000i\000o\000n\000a\000l\000\040\000E\000n\000t\000r\000o\000p\000y}{}% 6
\BOOKMARK [1][-]{section.4}{\376\377\000T\000h\000e\000\040\000R\000S\000V\000P\000\040\000P\000l\000e\000n\000u\000m\000\040\000a\000n\000d\000\040\000E\000n\000t\000r\000o\000p\000i\000c\000\040\000D\000e\000s\000c\000e\000n\000t}{}% 7
\BOOKMARK [1][-]{section.5}{\376\377\000C\000o\000h\000e\000r\000e\000n\000t\000\040\000P\000o\000l\000a\000r\000i\000z\000a\000t\000i\000o\000n\000\040\000W\000i\000t\000h\000o\000u\000t\000\040\000C\000o\000l\000l\000a\000p\000s\000e\000:\000\040\000T\000h\000e\000\040\000S\000y\000n\000c\000h\000r\000o\000n\000i\000z\000a\000t\000i\000o\000n\000\040\000S\000u\000b\000s\000t\000r\000a\000t\000e}{}% 8
\BOOKMARK [1][-]{section.6}{\376\377\000T\000h\000e\000\040\000V\000a\000r\000i\000a\000t\000i\000o\000n\000a\000l\000\040\000F\000o\000r\000m\000u\000l\000a\000t\000i\000o\000n}{}% 9
\BOOKMARK [1][-]{section.7}{\376\377\000C\000o\000s\000m\000o\000l\000o\000g\000y\000,\000\040\000P\000r\000o\000p\000a\000g\000a\000t\000i\000o\000n\000,\000\040\000a\000n\000d\000\040\000S\000t\000r\000u\000c\000t\000u\000r\000e\000\040\000F\000o\000r\000m\000a\000t\000i\000o\000n}{}% 10
\BOOKMARK [2][-]{subsection.7.1}{\376\377\000F\000r\000o\000m\000\040\000b\000r\000i\000c\000k\000\040\000t\000o\000\040\000s\000p\000o\000n\000g\000e}{section.7}% 11
\BOOKMARK [2][-]{subsection.7.2}{\376\377\000P\000r\000o\000p\000a\000g\000a\000t\000i\000o\000n\000\040\000t\000h\000r\000o\000u\000g\000h\000\040\000e\000n\000t\000r\000o\000p\000y\000\040\000g\000r\000a\000d\000i\000e\000n\000t\000s}{section.7}% 12
\BOOKMARK [2][-]{subsection.7.3}{\376\377\000M\000o\000r\000p\000h\000o\000g\000e\000n\000e\000s\000i\000s\000\040\000a\000n\000d\000\040\000c\000i\000r\000c\000u\000l\000a\000t\000i\000o\000n}{section.7}% 13
\BOOKMARK [1][-]{section.8}{\376\377\000D\000a\000r\000k\000-\000M\000a\000t\000t\000e\000r\000\040\000P\000h\000e\000n\000o\000m\000e\000n\000o\000l\000o\000g\000y\000:\000\040\000P\000l\000u\000r\000a\000l\000,\000\040\000N\000o\000t\000\040\000Y\000e\000t\000\040\000U\000n\000i\000f\000i\000e\000d}{}% 14
\BOOKMARK [1][-]{section.9}{\376\377\000S\000y\000m\000b\000o\000l\000i\000c\000\040\000D\000e\000f\000e\000r\000r\000a\000l\000\040\000a\000n\000d\000\040\000t\000h\000e\000\040\000P\000r\000o\000v\000e\000n\000a\000n\000c\000e\000\040\000o\000f\000\040\000S\000i\000m\000u\000l\000a\000t\000e\000d\000\040\000S\000t\000a\000t\000e\000s}{}% 15
\BOOKMARK [1][-]{section.10}{\376\377\000S\000i\000m\000u\000l\000a\000t\000i\000o\000n\000\040\000I\000n\000f\000r\000a\000s\000t\000r\000u\000c\000t\000u\000r\000e}{}% 16
\BOOKMARK [1][-]{section.11}{\376\377\000T\000h\000e\000\040\000M\000a\000g\000n\000e\000t\000i\000z\000a\000t\000i\000o\000n\000\040\000B\000r\000i\000d\000g\000e}{}% 17
\BOOKMARK [1][-]{section.12}{\376\377\000F\000r\000o\000m\000\040\000B\000r\000i\000d\000g\000e\000\040\000t\000o\000\040\000T\000h\000e\000o\000r\000y}{}% 18
\BOOKMARK [1][-]{section.13}{\376\377\000D\000y\000n\000a\000m\000i\000c\000s\000\040\000o\000f\000\040\000t\000h\000e\000\040\000O\000r\000d\000e\000r\000\040\000P\000a\000r\000a\000m\000e\000t\000e\000r}{}% 19
\BOOKMARK [1][-]{section.14}{\376\377\000R\000e\000p\000l\000a\000y\000a\000b\000l\000e\000\040\000H\000i\000s\000t\000o\000r\000y\000\040\000U\000n\000d\000e\000r\000\040\000F\000e\000e\000d\000b\000a\000c\000k}{}% 20
\BOOKMARK [1][-]{section.15}{\376\377\000W\000h\000a\000t\000\040\000E\000m\000e\000r\000g\000e\000n\000c\000e\000\040\000D\000o\000e\000s\000\040\000N\000o\000t\000\040\000L\000i\000c\000e\000n\000s\000e}{}% 21
\BOOKMARK [1][-]{section.16}{\376\377\000C\000o\000n\000c\000l\000u\000s\000i\000o\000n}{}% 22
